{
  "id": 200875187,
  "node_id": "MDEwOlJlcG9zaXRvcnkyMDA4NzUxODc=",
  "name": "austin",
  "full_name": "KTJ-Demo/austin",
  "private": false,
  "owner":
  {
    "login": "KTJ-Demo",
    "id": 53450794,
    "node_id": "MDQ6VXNlcjUzNDUwNzk0",
    "avatar_url": "https://avatars2.githubusercontent.com/u/53450794?v=4",
    "gravatar_id": "",
    "url": "https://api.github.com/users/KTJ-Demo",
    "html_url": "https://github.com/KTJ-Demo",
    "followers_url": "https://api.github.com/users/KTJ-Demo/followers",
    "following_url": "https://api.github.com/users/KTJ-Demo/following{/other_user}",
    "gists_url": "https://api.github.com/users/KTJ-Demo/gists{/gist_id}",
    "starred_url": "https://api.github.com/users/KTJ-Demo/starred{/owner}{/repo}",
    "subscriptions_url": "https://api.github.com/users/KTJ-Demo/subscriptions",
    "organizations_url": "https://api.github.com/users/KTJ-Demo/orgs",
    "repos_url": "https://api.github.com/users/KTJ-Demo/repos",
    "events_url": "https://api.github.com/users/KTJ-Demo/events{/privacy}",
    "received_events_url": "https://api.github.com/users/KTJ-Demo/received_events",
    "type": "User",
    "site_admin": false
  },
  "html_url": "https://github.com/KTJ-Demo/austin",
  "description": "Talis truculenter aggero balbus tyrannus caecus.",
  "fork": false,
  "url": "https://api.github.com/repos/KTJ-Demo/austin",
  "forks_url": "https://api.github.com/repos/KTJ-Demo/austin/forks",
  "keys_url": "https://api.github.com/repos/KTJ-Demo/austin/keys{/key_id}",
  "collaborators_url": "https://api.github.com/repos/KTJ-Demo/austin/collaborators{/collaborator}",
  "teams_url": "https://api.github.com/repos/KTJ-Demo/austin/teams",
  "hooks_url": "https://api.github.com/repos/KTJ-Demo/austin/hooks",
  "issue_events_url": "https://api.github.com/repos/KTJ-Demo/austin/issues/events{/number}",
  "events_url": "https://api.github.com/repos/KTJ-Demo/austin/events",
  "assignees_url": "https://api.github.com/repos/KTJ-Demo/austin/assignees{/user}",
  "branches_url": "https://api.github.com/repos/KTJ-Demo/austin/branches{/branch}",
  "tags_url": "https://api.github.com/repos/KTJ-Demo/austin/tags",
  "blobs_url": "https://api.github.com/repos/KTJ-Demo/austin/git/blobs{/sha}",
  "git_tags_url": "https://api.github.com/repos/KTJ-Demo/austin/git/tags{/sha}",
  "git_refs_url": "https://api.github.com/repos/KTJ-Demo/austin/git/refs{/sha}",
  "trees_url": "https://api.github.com/repos/KTJ-Demo/austin/git/trees{/sha}",
  "statuses_url": "https://api.github.com/repos/KTJ-Demo/austin/statuses/{sha}",
  "languages_url": "https://api.github.com/repos/KTJ-Demo/austin/languages",
  "stargazers_url": "https://api.github.com/repos/KTJ-Demo/austin/stargazers",
  "contributors_url": "https://api.github.com/repos/KTJ-Demo/austin/contributors",
  "subscribers_url": "https://api.github.com/repos/KTJ-Demo/austin/subscribers",
  "subscription_url": "https://api.github.com/repos/KTJ-Demo/austin/subscription",
  "commits_url": "https://api.github.com/repos/KTJ-Demo/austin/commits{/sha}",
  "git_commits_url": "https://api.github.com/repos/KTJ-Demo/austin/git/commits{/sha}",
  "comments_url": "https://api.github.com/repos/KTJ-Demo/austin/comments{/number}",
  "issue_comment_url": "https://api.github.com/repos/KTJ-Demo/austin/issues/comments{/number}",
  "contents_url": "https://api.github.com/repos/KTJ-Demo/austin/contents/{+path}",
  "compare_url": "https://api.github.com/repos/KTJ-Demo/austin/compare/{base}...{head}",
  "merges_url": "https://api.github.com/repos/KTJ-Demo/austin/merges",
  "archive_url": "https://api.github.com/repos/KTJ-Demo/austin/{archive_format}{/ref}",
  "downloads_url": "https://api.github.com/repos/KTJ-Demo/austin/downloads",
  "issues_url": "https://api.github.com/repos/KTJ-Demo/austin/issues{/number}",
  "pulls_url": "https://api.github.com/repos/KTJ-Demo/austin/pulls{/number}",
  "milestones_url": "https://api.github.com/repos/KTJ-Demo/austin/milestones{/number}",
  "notifications_url": "https://api.github.com/repos/KTJ-Demo/austin/notifications{?since,all,participating}",
  "labels_url": "https://api.github.com/repos/KTJ-Demo/austin/labels{/name}",
  "releases_url": "https://api.github.com/repos/KTJ-Demo/austin/releases{/id}",
  "deployments_url": "https://api.github.com/repos/KTJ-Demo/austin/deployments",
  "created_at": "2019-08-06T15:10:11+00:00",
  "updated_at": "2019-08-06T15:10:11+00:00",
  "pushed_at": "2019-08-06T15:10:13+00:00",
  "git_url": "git://github.com/KTJ-Demo/austin.git",
  "ssh_url": "git@github.com:KTJ-Demo/austin.git",
  "clone_url": "https://github.com/KTJ-Demo/austin.git",
  "svn_url": "https://github.com/KTJ-Demo/austin",
  "homepage": "https://github.com",
  "size": 0,
  "stargazers_count": 0,
  "watchers_count": 0,
  "language": null,
  "has_issues": true,
  "has_projects": true,
  "has_downloads": true,
  "has_wiki": true,
  "has_pages": false,
  "forks_count": 0,
  "mirror_url": null,
  "archived": false,
  "disabled": false,
  "open_issues_count": 0,
  "license": null,
  "forks": 0,
  "open_issues": 0,
  "watchers": 0,
  "default_branch": "master",
  "permissions":
  {
    "admin": true,
    "push": true,
    "pull": true
  },
  "allow_squash_merge": true,
  "allow_merge_commit": true,
  "allow_rebase_merge": true,
  "network_count": 0,
  "subscribers_count": 1
}